10:52:48 **** Auto Build of configuration Debug for project SDcardIO_app ****
make all 
'Building file: ../src/main.c'
'Invoking: ARM gcc compiler'
arm-xilinx-eabi-gcc -Wall -O0 -g3 -c -fmessage-length=0 -MT"src/main.o" -I../../SSD1306_example_app_bsp/ps7_cortexa9_0/include -MMD -MP -MF"src/main.d" -MT"src/main.d" -o "src/main.o" "../src/main.c"
../src/main.c: In function 'main':
../src/main.c:53:4: warning: unused variable 'Wdata' [-Wunused-variable]
 u8 Wdata[64] __attribute__ ((aligned(32))) ="sekkusu";
    ^
../src/main.c:51:7: warning: unused variable 'percent' [-Wunused-variable]
 char *percent="%256s";
       ^
../src/main.c:50:14: warning: variable 'DataSend' set but not used [-Wunused-but-set-variable]
 const TCHAR *DataSend;
              ^
'Finished building: ../src/main.c'
' '
'Building target: SDcardIO_app.elf'
'Invoking: ARM gcc linker'
arm-xilinx-eabi-gcc -Wl,-T -Wl,../src/lscript.ld -L../../SSD1306_example_app_bsp/ps7_cortexa9_0/lib -o "SDcardIO_app.elf"  ./src/main.o   -Wl,--start-group,-lxil,-lgcc,-lc,--end-group -Wl,--start-group,-lxilffs,-lxil,-lgcc,-lc,--end-group
'Finished building target: SDcardIO_app.elf'
' '
'Invoking: ARM Print Size'
arm-xilinx-eabi-size SDcardIO_app.elf  |tee "SDcardIO_app.elf.size"
   text	   data	    bss	    dec	    hex	filename
  49776	   1204	  25072	  76052	  12914	SDcardIO_app.elf
'Finished building: SDcardIO_app.elf.size'
' '

10:52:50 Build Finished (took 1s.907ms)

